2025-11-18 17:05:34,175 - CJGameStudio - INFO - [Login] 登录模块初始化成功
2025-11-18 17:05:34,175 - CJGameStudio - INFO - [PermissionManager] 权限模块初始化成功
2025-11-18 17:05:34,175 - CJGameStudio - INFO - [Project] 项目模块初始化成功
2025-11-18 17:05:34,175 - CJGameStudio - INFO - [Tools] 工具模块初始化成功
2025-11-18 17:05:34,176 - CJGameStudio - INFO - [Notification] 通知模块初始化成功
2025-11-18 17:05:34,176 - CJGameStudio - INFO - [Task] 任务模块初始化成功
2025-11-18 17:05:34,176 - CJGameStudio - INFO - [VersionInfo] 版本信息模块初始化成功
2025-11-18 17:05:34,297 - CJGameStudio - INFO - 切换到模块: Project
2025-11-18 17:08:57,886 - CJGameStudio - INFO - 切换到模块: Tools
2025-11-18 17:08:59,821 - CJGameStudio - INFO - 切换到模块: Task
2025-11-18 17:14:04,797 - CJGameStudio - INFO - [Login] 登录模块初始化成功
2025-11-18 17:14:04,797 - CJGameStudio - INFO - [PermissionManager] 权限模块初始化成功
2025-11-18 17:14:04,798 - CJGameStudio - INFO - [Project] 项目模块初始化成功
2025-11-18 17:14:04,798 - CJGameStudio - INFO - [Tools] 工具模块初始化成功
2025-11-18 17:14:04,798 - CJGameStudio - INFO - [Notification] 通知模块初始化成功
2025-11-18 17:14:04,798 - CJGameStudio - INFO - [Task] 任务模块初始化成功
2025-11-18 17:14:04,798 - CJGameStudio - INFO - [VersionInfo] 版本信息模块初始化成功
2025-11-18 17:14:04,914 - CJGameStudio - INFO - 切换到模块: Project
2025-11-18 17:14:07,008 - CJGameStudio - ERROR - Event callback error [category_changed]: [Errno 2] No such file or directory: 'BUG.ui'
2025-11-18 17:14:09,572 - CJGameStudio - ERROR - Event callback error [category_changed]: [Errno 2] No such file or directory: 'BUG.ui'
2025-11-18 17:22:05,178 - CJGameStudio - INFO - [Login] 登录模块初始化成功
2025-11-18 17:22:05,178 - CJGameStudio - INFO - [PermissionManager] 权限模块初始化成功
2025-11-18 17:22:05,178 - CJGameStudio - INFO - [Project] 项目模块初始化成功
2025-11-18 17:22:05,179 - CJGameStudio - INFO - [Tools] 工具模块初始化成功
2025-11-18 17:22:05,179 - CJGameStudio - INFO - [Notification] 通知模块初始化成功
2025-11-18 17:22:05,179 - CJGameStudio - INFO - [Task] 任务模块初始化成功
2025-11-18 17:22:05,179 - CJGameStudio - INFO - [VersionInfo] 版本信息模块初始化成功
2025-11-18 17:22:05,285 - CJGameStudio - INFO - 切换到模块: Project
2025-11-18 17:22:07,175 - CJGameStudio - ERROR - Event callback error [category_changed]: [Errno 2] No such file or directory: 'BUG.ui'
2025-11-18 17:23:28,621 - CJGameStudio - INFO - [Login] 登录模块初始化成功
2025-11-18 17:23:28,621 - CJGameStudio - INFO - [PermissionManager] 权限模块初始化成功
2025-11-18 17:23:28,621 - CJGameStudio - INFO - [Project] 项目模块初始化成功
2025-11-18 17:23:28,622 - CJGameStudio - INFO - [Tools] 工具模块初始化成功
2025-11-18 17:23:28,622 - CJGameStudio - INFO - [Notification] 通知模块初始化成功
2025-11-18 17:23:28,622 - CJGameStudio - INFO - [Task] 任务模块初始化成功
2025-11-18 17:23:28,622 - CJGameStudio - INFO - [VersionInfo] 版本信息模块初始化成功
2025-11-18 17:23:28,719 - CJGameStudio - INFO - 切换到模块: Project
2025-11-18 17:25:06,268 - CJGameStudio - INFO - [Login] 登录模块初始化成功
2025-11-18 17:25:06,268 - CJGameStudio - INFO - [PermissionManager] 权限模块初始化成功
2025-11-18 17:25:06,268 - CJGameStudio - INFO - [Project] 项目模块初始化成功
2025-11-18 17:25:06,269 - CJGameStudio - INFO - [Tools] 工具模块初始化成功
2025-11-18 17:25:06,270 - CJGameStudio - INFO - [Notification] 通知模块初始化成功
2025-11-18 17:25:06,270 - CJGameStudio - INFO - [Task] 任务模块初始化成功
2025-11-18 17:25:06,270 - CJGameStudio - INFO - [VersionInfo] 版本信息模块初始化成功
2025-11-18 17:25:06,360 - CJGameStudio - INFO - 切换到模块: Project
2025-11-18 17:25:31,586 - CJGameStudio - INFO - 切换到模块: Task
2025-11-18 17:25:35,852 - CJGameStudio - INFO - 切换到模块: Task
2025-11-18 17:25:39,607 - CJGameStudio - INFO - 切换到模块: PermissionManager
2025-11-18 17:25:39,829 - CJGameStudio - INFO - 切换到模块: Tools
2025-11-18 17:25:40,964 - CJGameStudio - INFO - 切换到模块: PermissionManager
2025-11-18 17:25:49,915 - CJGameStudio - INFO - 切换到模块: Task
2025-11-18 17:25:51,603 - CJGameStudio - INFO - 切换到模块: PermissionManager
2025-11-18 17:25:55,099 - CJGameStudio - INFO - 切换到模块: PermissionManager
2025-11-18 17:25:55,652 - CJGameStudio - INFO - 切换到模块: Tools
2025-11-18 17:25:56,619 - CJGameStudio - INFO - 切换到模块: Project
2025-11-18 17:25:57,738 - CJGameStudio - INFO - 切换到模块: Tools
2025-11-18 17:25:58,205 - CJGameStudio - INFO - 切换到模块: PermissionManager
2025-11-18 17:25:59,715 - CJGameStudio - INFO - 切换到模块: Task
2025-11-18 17:26:00,708 - CJGameStudio - INFO - 切换到模块: Notification
2025-11-18 17:26:02,845 - CJGameStudio - INFO - 切换到模块: VersionInfo
2025-11-18 17:26:03,907 - CJGameStudio - INFO - 切换到模块: Notification
2025-11-18 17:26:04,410 - CJGameStudio - INFO - 切换到模块: Task
2025-11-18 17:27:11,523 - CJGameStudio - INFO - 切换到模块: PermissionManager
2025-11-18 17:27:13,298 - CJGameStudio - INFO - 切换到模块: PermissionManager
2025-11-18 17:27:13,627 - CJGameStudio - INFO - 切换到模块: Tools
2025-11-18 17:27:14,139 - CJGameStudio - INFO - 切换到模块: Project
2025-11-18 17:27:15,156 - CJGameStudio - INFO - 切换到模块: Task
2025-11-18 17:32:34,267 - CJGameStudio - INFO - 切换到模块: Task
2025-11-18 17:32:43,755 - CJGameStudio - INFO - [Login] 登录模块初始化成功
2025-11-18 17:32:43,755 - CJGameStudio - INFO - [PermissionManager] 权限模块初始化成功
2025-11-18 17:32:43,755 - CJGameStudio - INFO - [Project] 项目模块初始化成功
2025-11-18 17:32:43,756 - CJGameStudio - INFO - [Tools] 工具模块初始化成功
2025-11-18 17:32:43,756 - CJGameStudio - INFO - [Notification] 通知模块初始化成功
2025-11-18 17:32:43,756 - CJGameStudio - INFO - [Task] 任务模块初始化成功
2025-11-18 17:32:43,756 - CJGameStudio - INFO - [VersionInfo] 版本信息模块初始化成功
2025-11-18 17:32:43,864 - CJGameStudio - INFO - 切换到模块: Project
2025-11-18 17:32:48,782 - CJGameStudio - INFO - 切换到模块: PermissionManager
2025-11-18 17:32:53,390 - CJGameStudio - INFO - 切换到模块: Task
2025-11-18 17:34:01,925 - CJGameStudio - INFO - [Login] 登录模块初始化成功
2025-11-18 17:34:01,926 - CJGameStudio - INFO - [PermissionManager] 权限模块初始化成功
2025-11-18 17:34:01,926 - CJGameStudio - INFO - [Project] 项目模块初始化成功
2025-11-18 17:34:01,926 - CJGameStudio - INFO - [Tools] 工具模块初始化成功
2025-11-18 17:34:01,926 - CJGameStudio - INFO - [Notification] 通知模块初始化成功
2025-11-18 17:34:01,926 - CJGameStudio - INFO - [Task] 任务模块初始化成功
2025-11-18 17:34:01,926 - CJGameStudio - INFO - [VersionInfo] 版本信息模块初始化成功
2025-11-18 17:34:02,018 - CJGameStudio - INFO - 切换到模块: Project
2025-11-18 17:34:06,670 - CJGameStudio - ERROR - Event callback error [category_changed]: [Errno 2] No such file or directory: '\\src\\modules\\task\\view\\BUG.ui'
2025-11-18 17:35:03,815 - CJGameStudio - INFO - [Login] 登录模块初始化成功
2025-11-18 17:35:03,815 - CJGameStudio - INFO - [PermissionManager] 权限模块初始化成功
2025-11-18 17:35:03,815 - CJGameStudio - INFO - [Project] 项目模块初始化成功
2025-11-18 17:35:03,816 - CJGameStudio - INFO - [Tools] 工具模块初始化成功
2025-11-18 17:35:03,816 - CJGameStudio - INFO - [Notification] 通知模块初始化成功
2025-11-18 17:35:03,816 - CJGameStudio - INFO - [Task] 任务模块初始化成功
2025-11-18 17:35:03,816 - CJGameStudio - INFO - [VersionInfo] 版本信息模块初始化成功
2025-11-18 17:35:03,912 - CJGameStudio - INFO - 切换到模块: Project
2025-11-18 17:35:05,424 - CJGameStudio - ERROR - Event callback error [category_changed]: [Errno 2] No such file or directory: '\\src\\modules\\task\\view\\BUG.ui'
2025-11-18 17:35:25,139 - CJGameStudio - INFO - [Login] 登录模块初始化成功
2025-11-18 17:35:25,139 - CJGameStudio - INFO - [PermissionManager] 权限模块初始化成功
2025-11-18 17:35:25,139 - CJGameStudio - INFO - [Project] 项目模块初始化成功
2025-11-18 17:35:25,140 - CJGameStudio - INFO - [Tools] 工具模块初始化成功
2025-11-18 17:35:25,140 - CJGameStudio - INFO - [Notification] 通知模块初始化成功
2025-11-18 17:35:25,140 - CJGameStudio - INFO - [Task] 任务模块初始化成功
2025-11-18 17:35:25,140 - CJGameStudio - INFO - [VersionInfo] 版本信息模块初始化成功
2025-11-18 17:35:25,297 - CJGameStudio - INFO - 切换到模块: Project
2025-11-18 17:35:27,260 - CJGameStudio - INFO - 切换到模块: Task
2025-11-18 17:37:55,504 - CJGameStudio - INFO - [Login] 登录模块初始化成功
2025-11-18 17:37:55,504 - CJGameStudio - INFO - [PermissionManager] 权限模块初始化成功
2025-11-18 17:37:55,505 - CJGameStudio - INFO - [Project] 项目模块初始化成功
2025-11-18 17:37:55,505 - CJGameStudio - INFO - [Tools] 工具模块初始化成功
2025-11-18 17:37:55,505 - CJGameStudio - INFO - [Notification] 通知模块初始化成功
2025-11-18 17:37:55,505 - CJGameStudio - INFO - [Task] 任务模块初始化成功
2025-11-18 17:37:55,505 - CJGameStudio - INFO - [VersionInfo] 版本信息模块初始化成功
2025-11-18 17:37:55,648 - CJGameStudio - INFO - 切换到模块: Project
2025-11-18 17:37:57,071 - CJGameStudio - INFO - 切换到模块: Task
2025-11-18 19:33:00,705 - CJGameStudio - INFO - [Login] 登录模块初始化成功
2025-11-18 19:33:00,722 - CJGameStudio - INFO - [PermissionManager] 权限模块初始化成功
2025-11-18 19:33:00,722 - CJGameStudio - INFO - [Project] 项目模块初始化成功
2025-11-18 19:33:00,722 - CJGameStudio - INFO - [Tools] 工具模块初始化成功
2025-11-18 19:33:00,722 - CJGameStudio - INFO - [Notification] 通知模块初始化成功
2025-11-18 19:33:00,722 - CJGameStudio - INFO - [Task] 任务模块初始化成功
2025-11-18 19:33:00,722 - CJGameStudio - INFO - [VersionInfo] 版本信息模块初始化成功
2025-11-18 19:33:00,918 - CJGameStudio - INFO - 切换到模块: Project
2025-11-18 19:33:02,694 - CJGameStudio - INFO - 切换到模块: Task
2025-11-18 19:42:27,402 - CJGameStudio - INFO - [Login] 登录模块初始化成功
2025-11-18 19:42:27,402 - CJGameStudio - INFO - [PermissionManager] 权限模块初始化成功
2025-11-18 19:42:27,403 - CJGameStudio - INFO - [Project] 项目模块初始化成功
2025-11-18 19:42:27,403 - CJGameStudio - INFO - [Tools] 工具模块初始化成功
2025-11-18 19:42:27,403 - CJGameStudio - INFO - [Notification] 通知模块初始化成功
2025-11-18 19:42:27,403 - CJGameStudio - INFO - [Task] 任务模块初始化成功
2025-11-18 19:42:27,403 - CJGameStudio - INFO - [VersionInfo] 版本信息模块初始化成功
2025-11-18 19:42:27,570 - CJGameStudio - INFO - 切换到模块: Project
2025-11-18 19:42:31,750 - CJGameStudio - INFO - 切换到模块: Task
2025-11-18 19:42:58,556 - CJGameStudio - INFO - 切换到模块: Project
2025-11-18 19:43:00,347 - CJGameStudio - INFO - 切换到模块: Tools
2025-11-18 19:43:01,870 - CJGameStudio - INFO - 切换到模块: Notification
2025-11-18 19:43:02,620 - CJGameStudio - INFO - 切换到模块: Task
2025-11-18 19:43:03,523 - CJGameStudio - INFO - 切换到模块: Notification
2025-11-18 19:43:04,270 - CJGameStudio - INFO - 切换到模块: VersionInfo
2025-11-18 19:43:04,956 - CJGameStudio - INFO - 切换到模块: Notification
2025-11-18 19:43:05,349 - CJGameStudio - INFO - 切换到模块: Task
2025-11-18 20:10:36,088 - CJGameStudio - INFO - [Login] 登录模块初始化成功
2025-11-18 20:10:36,119 - CJGameStudio - INFO - [PermissionManager] 权限模块初始化成功
2025-11-18 20:10:36,120 - CJGameStudio - INFO - [Project] 项目模块初始化成功
2025-11-18 20:10:36,120 - CJGameStudio - INFO - [Tools] 工具模块初始化成功
2025-11-18 20:10:36,120 - CJGameStudio - INFO - [Notification] 通知模块初始化成功
2025-11-18 20:10:36,120 - CJGameStudio - INFO - [Task] 任务模块初始化成功
2025-11-18 20:10:36,120 - CJGameStudio - INFO - [VersionInfo] 版本信息模块初始化成功
2025-11-18 20:10:36,213 - CJGameStudio - INFO - 切换到模块: Project
2025-11-18 20:10:46,488 - CJGameStudio - INFO - 切换到模块: VersionInfo
2025-11-18 20:11:18,807 - CJGameStudio - INFO - 切换到模块: Task
2025-11-18 20:11:25,725 - CJGameStudio - INFO - 切换到模块: VersionInfo
2025-11-18 20:20:24,103 - CJGameStudio - INFO - [Login] 登录模块初始化成功
2025-11-18 20:20:24,104 - CJGameStudio - INFO - [PermissionManager] 权限模块初始化成功
2025-11-18 20:20:24,104 - CJGameStudio - INFO - [Project] 项目模块初始化成功
2025-11-18 20:20:24,104 - CJGameStudio - INFO - [Tools] 工具模块初始化成功
2025-11-18 20:20:24,104 - CJGameStudio - INFO - [Notification] 通知模块初始化成功
2025-11-18 20:20:24,104 - CJGameStudio - INFO - [Task] 任务模块初始化成功
2025-11-18 20:20:24,104 - CJGameStudio - INFO - [VersionInfo] 版本信息模块初始化成功
2025-11-18 20:20:24,542 - CJGameStudio - INFO - 切换到模块: Project
2025-11-18 20:20:26,662 - CJGameStudio - INFO - 切换到模块: Task
2025-11-18 20:20:29,913 - CJGameStudio - INFO - 切换到模块: VersionInfo
2025-11-18 20:26:20,475 - CJGameStudio - INFO - [Login] 登录模块初始化成功
2025-11-18 20:26:20,475 - CJGameStudio - INFO - [PermissionManager] 权限模块初始化成功
2025-11-18 20:26:20,475 - CJGameStudio - INFO - [Project] 项目模块初始化成功
2025-11-18 20:26:20,476 - CJGameStudio - INFO - [Tools] 工具模块初始化成功
2025-11-18 20:26:20,476 - CJGameStudio - INFO - [Notification] 通知模块初始化成功
2025-11-18 20:26:20,476 - CJGameStudio - INFO - [Task] 任务模块初始化成功
2025-11-18 20:26:20,476 - CJGameStudio - INFO - [VersionInfo] 版本信息模块初始化成功
2025-11-18 20:26:20,612 - CJGameStudio - INFO - 切换到模块: Project
2025-11-18 20:26:23,355 - CJGameStudio - INFO - 切换到模块: Task
2025-11-18 20:26:25,416 - CJGameStudio - INFO - 切换到模块: VersionInfo
2025-11-18 20:26:54,516 - CJGameStudio - INFO - [Login] 登录模块初始化成功
2025-11-18 20:26:54,516 - CJGameStudio - INFO - [PermissionManager] 权限模块初始化成功
2025-11-18 20:26:54,516 - CJGameStudio - INFO - [Project] 项目模块初始化成功
2025-11-18 20:26:54,516 - CJGameStudio - INFO - [Tools] 工具模块初始化成功
2025-11-18 20:26:54,517 - CJGameStudio - INFO - [Notification] 通知模块初始化成功
2025-11-18 20:26:54,517 - CJGameStudio - INFO - [Task] 任务模块初始化成功
2025-11-18 20:26:54,517 - CJGameStudio - INFO - [VersionInfo] 版本信息模块初始化成功
2025-11-18 20:26:54,745 - CJGameStudio - INFO - 切换到模块: Project
2025-11-18 20:26:56,052 - CJGameStudio - INFO - 切换到模块: VersionInfo
2025-11-18 20:27:58,367 - CJGameStudio - INFO - [Login] 登录模块初始化成功
2025-11-18 20:27:58,367 - CJGameStudio - INFO - [PermissionManager] 权限模块初始化成功
2025-11-18 20:27:58,367 - CJGameStudio - INFO - [Project] 项目模块初始化成功
2025-11-18 20:27:58,368 - CJGameStudio - INFO - [Tools] 工具模块初始化成功
2025-11-18 20:27:58,368 - CJGameStudio - INFO - [Notification] 通知模块初始化成功
2025-11-18 20:27:58,368 - CJGameStudio - INFO - [Task] 任务模块初始化成功
2025-11-18 20:27:58,368 - CJGameStudio - INFO - [VersionInfo] 版本信息模块初始化成功
2025-11-18 20:27:58,520 - CJGameStudio - INFO - 切换到模块: Project
2025-11-18 20:28:04,409 - CJGameStudio - INFO - [Login] 登录模块初始化成功
2025-11-18 20:28:04,409 - CJGameStudio - INFO - [PermissionManager] 权限模块初始化成功
2025-11-18 20:28:04,410 - CJGameStudio - INFO - [Project] 项目模块初始化成功
2025-11-18 20:28:04,410 - CJGameStudio - INFO - [Tools] 工具模块初始化成功
2025-11-18 20:28:04,410 - CJGameStudio - INFO - [Notification] 通知模块初始化成功
2025-11-18 20:28:04,410 - CJGameStudio - INFO - [Task] 任务模块初始化成功
2025-11-18 20:28:04,410 - CJGameStudio - INFO - [VersionInfo] 版本信息模块初始化成功
2025-11-18 20:28:04,553 - CJGameStudio - INFO - 切换到模块: Project
2025-11-18 20:28:19,167 - CJGameStudio - INFO - [Login] 登录模块初始化成功
2025-11-18 20:28:19,167 - CJGameStudio - INFO - [PermissionManager] 权限模块初始化成功
2025-11-18 20:28:19,167 - CJGameStudio - INFO - [Project] 项目模块初始化成功
2025-11-18 20:28:19,167 - CJGameStudio - INFO - [Tools] 工具模块初始化成功
2025-11-18 20:28:19,168 - CJGameStudio - INFO - [Notification] 通知模块初始化成功
2025-11-18 20:28:19,168 - CJGameStudio - INFO - [Task] 任务模块初始化成功
2025-11-18 20:28:19,168 - CJGameStudio - INFO - [VersionInfo] 版本信息模块初始化成功
2025-11-18 20:28:19,274 - CJGameStudio - INFO - 切换到模块: Project
2025-11-18 20:28:21,642 - CJGameStudio - INFO - 切换到模块: Task
2025-11-18 20:28:22,482 - CJGameStudio - INFO - 切换到模块: VersionInfo
2025-11-18 20:32:37,010 - CJGameStudio - INFO - [Login] 登录模块初始化成功
2025-11-18 20:32:37,010 - CJGameStudio - INFO - [PermissionManager] 权限模块初始化成功
2025-11-18 20:32:37,010 - CJGameStudio - INFO - [Project] 项目模块初始化成功
2025-11-18 20:32:37,011 - CJGameStudio - INFO - [Tools] 工具模块初始化成功
2025-11-18 20:32:37,011 - CJGameStudio - INFO - [Notification] 通知模块初始化成功
2025-11-18 20:32:37,011 - CJGameStudio - INFO - [Task] 任务模块初始化成功
2025-11-18 20:32:37,011 - CJGameStudio - INFO - [VersionInfo] 版本信息模块初始化成功
2025-11-18 20:32:37,106 - CJGameStudio - INFO - 切换到模块: Project
2025-11-18 20:32:39,694 - CJGameStudio - INFO - 切换到模块: Task
2025-11-18 20:32:40,751 - CJGameStudio - INFO - 切换到模块: Notification
2025-11-18 20:32:41,952 - CJGameStudio - INFO - 切换到模块: VersionInfo
2025-11-18 20:36:10,522 - CJGameStudio - INFO - [Login] 登录模块初始化成功
2025-11-18 20:36:10,522 - CJGameStudio - INFO - [PermissionManager] 权限模块初始化成功
2025-11-18 20:36:10,522 - CJGameStudio - INFO - [Project] 项目模块初始化成功
2025-11-18 20:36:10,522 - CJGameStudio - INFO - [Tools] 工具模块初始化成功
2025-11-18 20:36:10,522 - CJGameStudio - INFO - [Notification] 通知模块初始化成功
2025-11-18 20:36:10,522 - CJGameStudio - INFO - [Task] 任务模块初始化成功
2025-11-18 20:36:10,522 - CJGameStudio - INFO - [VersionInfo] 版本信息模块初始化成功
2025-11-18 20:36:10,616 - CJGameStudio - INFO - 切换到模块: Project
2025-11-18 20:37:37,089 - CJGameStudio - INFO - [Login] 登录模块初始化成功
2025-11-18 20:37:37,090 - CJGameStudio - INFO - [PermissionManager] 权限模块初始化成功
2025-11-18 20:37:37,090 - CJGameStudio - INFO - [Project] 项目模块初始化成功
2025-11-18 20:37:37,090 - CJGameStudio - INFO - [Tools] 工具模块初始化成功
2025-11-18 20:37:37,090 - CJGameStudio - INFO - [Notification] 通知模块初始化成功
2025-11-18 20:37:37,090 - CJGameStudio - INFO - [Task] 任务模块初始化成功
2025-11-18 20:37:37,090 - CJGameStudio - INFO - [VersionInfo] 版本信息模块初始化成功
2025-11-18 20:37:37,236 - CJGameStudio - INFO - 切换到模块: Project
2025-11-18 20:37:40,040 - CJGameStudio - INFO - 切换到模块: Task
2025-11-18 20:37:44,536 - CJGameStudio - INFO - 切换到模块: VersionInfo
2025-11-18 20:40:15,980 - CJGameStudio - INFO - 切换到模块: VersionInfo
2025-11-18 20:40:19,099 - CJGameStudio - INFO - 切换到模块: VersionInfo
2025-11-18 20:44:28,083 - CJGameStudio - INFO - [Login] 登录模块初始化成功
2025-11-18 20:44:28,083 - CJGameStudio - INFO - [PermissionManager] 权限模块初始化成功
2025-11-18 20:44:28,084 - CJGameStudio - INFO - [Project] 项目模块初始化成功
2025-11-18 20:44:28,084 - CJGameStudio - INFO - [Tools] 工具模块初始化成功
2025-11-18 20:44:28,084 - CJGameStudio - INFO - [Notification] 通知模块初始化成功
2025-11-18 20:44:28,084 - CJGameStudio - INFO - [Task] 任务模块初始化成功
2025-11-18 20:44:28,084 - CJGameStudio - INFO - [VersionInfo] 版本信息模块初始化成功
2025-11-18 20:44:28,190 - CJGameStudio - INFO - 切换到模块: Project
2025-11-18 20:44:30,008 - CJGameStudio - INFO - 切换到模块: VersionInfo
2025-11-18 20:45:15,812 - CJGameStudio - INFO - [Login] 登录模块初始化成功
2025-11-18 20:45:15,812 - CJGameStudio - INFO - [PermissionManager] 权限模块初始化成功
2025-11-18 20:45:15,812 - CJGameStudio - INFO - [Project] 项目模块初始化成功
2025-11-18 20:45:15,813 - CJGameStudio - INFO - [Tools] 工具模块初始化成功
2025-11-18 20:45:15,813 - CJGameStudio - INFO - [Notification] 通知模块初始化成功
2025-11-18 20:45:15,813 - CJGameStudio - INFO - [Task] 任务模块初始化成功
2025-11-18 20:45:15,813 - CJGameStudio - INFO - [VersionInfo] 版本信息模块初始化成功
2025-11-18 20:45:15,908 - CJGameStudio - INFO - 切换到模块: Project
2025-11-18 20:45:19,584 - CJGameStudio - INFO - 切换到模块: VersionInfo
2025-11-18 20:45:50,437 - CJGameStudio - INFO - 切换到模块: Task
2025-11-21 19:25:45,051 - CJGameStudio - INFO - [project] found = False, path_found = , version_info = 
2025-11-21 19:25:45,132 - CJGameStudio - INFO - [project] vs code installed, vs_code_version = 
2025-11-21 19:25:45,275 - CJGameStudio - INFO - [project] p4 installed, p4_version = 2022.2
2025-11-21 19:25:45,505 - CJGameStudio - INFO - [project] p4 installed, svn_version = 1.14.2
2025-11-21 19:25:45,505 - CJGameStudio - ERROR - Event callback error [check_tools_version_end]: set_label_text() takes 2 positional arguments but 3 were given
2025-11-21 19:25:45,521 - CJGameStudio - INFO - [Login] 登录模块初始化成功
2025-11-21 19:25:45,521 - CJGameStudio - INFO - [Project] 项目模块初始化成功
2025-11-21 19:25:45,521 - CJGameStudio - INFO - [Tools] 工具模块初始化成功
2025-11-21 19:25:45,521 - CJGameStudio - INFO - [Task] 任务模块初始化成功
2025-11-21 19:25:45,521 - CJGameStudio - INFO - [Notification] 通知模块初始化成功
2025-11-21 19:25:45,522 - CJGameStudio - INFO - [VersionInfo] 版本信息模块初始化成功
2025-11-21 19:25:45,752 - CJGameStudio - INFO - 切换到模块: Project
2025-11-21 19:25:57,671 - CJGameStudio - INFO - 切换到模块: Tools
2025-11-21 19:25:58,691 - CJGameStudio - INFO - 切换到模块: PermissionManager
2025-11-21 19:26:00,361 - CJGameStudio - INFO - 切换到模块: Task
2025-11-21 19:26:03,171 - CJGameStudio - INFO - 切换到模块: Notification
2025-11-21 19:26:08,729 - CJGameStudio - INFO - 切换到模块: VersionInfo
2025-11-21 19:26:13,316 - CJGameStudio - INFO - 切换到模块: Notification
2025-11-21 19:26:14,156 - CJGameStudio - INFO - 切换到模块: Task
2025-11-21 19:26:15,020 - CJGameStudio - INFO - 切换到模块: Notification
2025-11-21 19:26:16,132 - CJGameStudio - INFO - 切换到模块: VersionInfo
2025-11-21 19:26:16,620 - CJGameStudio - INFO - 切换到模块: CollaborativeSheet
2025-11-21 19:26:23,461 - CJGameStudio - INFO - 切换到模块: Tools
2025-11-21 19:26:24,309 - CJGameStudio - INFO - 切换到模块: PermissionManager
2025-11-21 19:26:25,092 - CJGameStudio - INFO - 切换到模块: Task
2025-11-21 19:26:26,435 - CJGameStudio - INFO - 切换到模块: Notification
2025-11-21 19:26:33,170 - CJGameStudio - INFO - 切换到模块: Project
2025-11-21 19:26:42,020 - CJGameStudio - INFO - [project] found = False, path_found = , version_info = 
2025-11-21 19:26:42,082 - CJGameStudio - INFO - [project] vs code installed, vs_code_version = 
2025-11-21 19:26:42,171 - CJGameStudio - INFO - [project] p4 installed, p4_version = 2022.2
2025-11-21 19:26:42,341 - CJGameStudio - INFO - [project] p4 installed, svn_version = 1.14.2
2025-11-21 19:26:42,341 - CJGameStudio - ERROR - Event callback error [check_tools_version_end]: set_label_text() takes 2 positional arguments but 3 were given
2025-11-21 19:26:42,355 - CJGameStudio - INFO - [Login] 登录模块初始化成功
2025-11-21 19:26:42,355 - CJGameStudio - INFO - [Project] 项目模块初始化成功
2025-11-21 19:26:42,355 - CJGameStudio - INFO - [Tools] 工具模块初始化成功
2025-11-21 19:26:42,355 - CJGameStudio - INFO - [Task] 任务模块初始化成功
2025-11-21 19:26:42,355 - CJGameStudio - INFO - [Notification] 通知模块初始化成功
2025-11-21 19:26:42,355 - CJGameStudio - INFO - [VersionInfo] 版本信息模块初始化成功
2025-11-21 19:26:42,546 - CJGameStudio - INFO - 切换到模块: Project
2025-11-21 19:27:43,214 - CJGameStudio - INFO - [project] found = False, path_found = , version_info = 
2025-11-21 19:27:43,272 - CJGameStudio - INFO - [project] vs code installed, vs_code_version = 
2025-11-21 19:27:43,382 - CJGameStudio - INFO - [project] p4 installed, p4_version = 2022.2
2025-11-21 19:27:43,668 - CJGameStudio - INFO - [project] p4 installed, svn_version = 1.14.2
2025-11-21 19:27:43,668 - CJGameStudio - ERROR - Event callback error [check_tools_version_end]: set_label_text() takes 2 positional arguments but 3 were given
2025-11-21 19:27:43,681 - CJGameStudio - INFO - [Login] 登录模块初始化成功
2025-11-21 19:27:43,681 - CJGameStudio - INFO - [Project] 项目模块初始化成功
2025-11-21 19:27:43,681 - CJGameStudio - INFO - [Tools] 工具模块初始化成功
2025-11-21 19:27:43,681 - CJGameStudio - INFO - [Task] 任务模块初始化成功
2025-11-21 19:27:43,681 - CJGameStudio - INFO - [Notification] 通知模块初始化成功
2025-11-21 19:27:43,681 - CJGameStudio - INFO - [VersionInfo] 版本信息模块初始化成功
2025-11-21 19:27:43,879 - CJGameStudio - INFO - 切换到模块: Project
2025-11-21 19:28:05,592 - CJGameStudio - INFO - 切换到模块: Tools
2025-11-21 19:29:21,964 - CJGameStudio - INFO - 切换到模块: Project
2025-11-21 19:29:28,115 - CJGameStudio - INFO - 切换到模块: Tools
2025-11-21 19:30:03,579 - CJGameStudio - INFO - [Tools] 已从收藏中移除
2025-11-21 19:30:04,716 - CJGameStudio - INFO - [Tools] 已添加到收藏
2025-11-21 19:30:07,533 - CJGameStudio - INFO - [Tools] 已从收藏中移除
2025-11-21 19:31:22,949 - CJGameStudio - INFO - [project] found = False, path_found = , version_info = 
2025-11-21 19:31:23,012 - CJGameStudio - INFO - [project] vs code installed, vs_code_version = 
2025-11-21 19:31:23,121 - CJGameStudio - INFO - [project] p4 installed, p4_version = 2022.2
2025-11-21 19:31:23,362 - CJGameStudio - INFO - [project] p4 installed, svn_version = 1.14.2
2025-11-21 19:31:23,363 - CJGameStudio - ERROR - Event callback error [check_tools_version_end]: set_label_text() takes 2 positional arguments but 3 were given
2025-11-21 19:31:23,376 - CJGameStudio - INFO - [Login] 登录模块初始化成功
2025-11-21 19:31:23,376 - CJGameStudio - INFO - [Project] 项目模块初始化成功
2025-11-21 19:31:23,377 - CJGameStudio - INFO - [Tools] 工具模块初始化成功
2025-11-21 19:31:23,377 - CJGameStudio - INFO - [Task] 任务模块初始化成功
2025-11-21 19:31:23,377 - CJGameStudio - INFO - [Notification] 通知模块初始化成功
2025-11-21 19:31:23,377 - CJGameStudio - INFO - [VersionInfo] 版本信息模块初始化成功
2025-11-21 19:31:23,581 - CJGameStudio - INFO - 切换到模块: Project
2025-11-21 19:31:27,288 - CJGameStudio - INFO - 切换到模块: Tools
2025-11-21 19:43:18,884 - CJGameStudio - INFO - [Tools] 已从收藏中移除
2025-11-21 19:43:20,196 - CJGameStudio - INFO - [Tools] 已从收藏中移除
2025-11-21 19:47:11,230 - CJGameStudio - INFO - [project] found = False, path_found = , version_info = 
2025-11-21 19:47:11,300 - CJGameStudio - INFO - [project] vs code installed, vs_code_version = 
2025-11-21 19:47:11,391 - CJGameStudio - INFO - [project] p4 installed, p4_version = 2022.2
2025-11-21 19:47:11,657 - CJGameStudio - INFO - [project] p4 installed, svn_version = 1.14.2
2025-11-21 19:47:11,657 - CJGameStudio - ERROR - Event callback error [check_tools_version_end]: set_label_text() takes 2 positional arguments but 3 were given
2025-11-21 19:47:11,671 - CJGameStudio - INFO - [Login] 登录模块初始化成功
2025-11-21 19:47:11,672 - CJGameStudio - INFO - [Project] 项目模块初始化成功
2025-11-21 19:47:11,672 - CJGameStudio - INFO - [Tools] 工具模块初始化成功
2025-11-21 19:47:11,672 - CJGameStudio - INFO - [Task] 任务模块初始化成功
2025-11-21 19:47:11,672 - CJGameStudio - INFO - [Notification] 通知模块初始化成功
2025-11-21 19:47:11,672 - CJGameStudio - INFO - [VersionInfo] 版本信息模块初始化成功
2025-11-21 19:47:12,002 - CJGameStudio - INFO - 切换到模块: Project
2025-11-21 19:48:55,952 - CJGameStudio - INFO - 切换到模块: Tools
